//=====================================================
Exception code: C0000005 ACCESS_VIOLATION
Fault address:  01131013 01:00030013 F:\project\SKI_서산_화성2동_2018\67lineECS\ECS\Ecs\Ecs.exe

Registers:
EAX:008FF864
EBX:00000000
ECX:008FF85C
EDX:00000000
ESI:03B00048
EDI:03B43B20
CS:EIP:0023:01131013
SS:ESP:002B:008FF84C  EBP:008FF870
DS:002B  ES:002B  FS:0053  GS:002B
Flags:00010202

Call stack:
Address   Frame
01131013  008FF870  0001:00030013 F:\project\SKI_서산_화성2동_2018\67lineECS\ECS\Ecs\Ecs.exe
7812014A  008FF930  0001:0023F14A C:\WINDOWS\SYSTEM32\mfc100.dll
7811FCAE  008FF950  0001:0023ECAE C:\WINDOWS\SYSTEM32\mfc100.dll
7811E091  008FF9C8  0001:0023D091 C:\WINDOWS\SYSTEM32\mfc100.dll
7811E31D  008FF9EC  0001:0023D31D C:\WINDOWS\SYSTEM32\mfc100.dll
78015FFE  008FFA30  0001:00134FFE C:\WINDOWS\SYSTEM32\mfc100.dll
73B9BE6B  008FFA5C  AddClipboardFormatListener+49B
73B9833A  008FFB44  DispatchMessageW+97A
73B97BEE  008FFBC0  DispatchMessageW+22E
73B8CD30  008FFBC8  DispatchMessageA+10
7810C84B  008FFBF8  0001:0022B84B C:\WINDOWS\SYSTEM32\mfc100.dll
781325C0  008FFC0C  0001:002515C0 C:\WINDOWS\SYSTEM32\mfc100.dll
011B470E  008FFCA0  0001:000B370E F:\project\SKI_서산_화성2동_2018\67lineECS\ECS\Ecs\Ecs.exe
75C58484  008FFCB4  BaseThreadInitThunk+24
76F22FEA  008FFCFC  RtlValidSecurityDescriptor+11A
76F22FBA  008FFD0C  RtlValidSecurityDescriptor+EA

